GDTEST_PARSER_ERROR
"yield" was removed in Redot 4. Use "await" instead.
